components/photo/photo-lightbox.tsx(39,11): error TS2339: Property 'photos' does not exist on type '{ handleLikePhoto: (photoId: string) => Promise<void>; handleFavoritePhoto: (photoId: string) => Promise<void>; handlePostPhoto: (photoId: string) => Promise<void>; handleDeletePhoto: (photoId: string) => void; }'.
components/photo/photo-lightbox.tsx(40,5): error TS2353: Object literal may only specify known properties, and 'initialPhotos' does not exist in type 'UsePhotoActionsProps'.
components/photo/photo-lightbox.tsx(44,40): error TS7006: Parameter 'p' implicitly has an 'any' type.
components/photo/photo-lightbox.tsx(45,60): error TS7006: Parameter 'like' implicitly has an 'any' type.
components/photo/photo-lightbox.tsx(46,68): error TS7006: Parameter 'fav' implicitly has an 'any' type.
hooks/queries/useFolders.ts(30,40): error TS2554: Expected 2 arguments, but got 1.
hooks/queries/useFolders.ts(41,85): error TS2551: Property 'renameFolder' does not exist on type '{ login: (credentials: { email: string; password: string; }) => Promise<any>; register: (userData: { email: string; password: string; name: string; role?: string | undefined; }) => Promise<any>; ... 63 more ...; checkFeedbackStatus: () => Promise<...>; }'. Did you mean 'createFolder'?
src/app/(dashboard)/dashboard/page.tsx(90,39): error TS7006: Parameter 'g' implicitly has an 'any' type.
src/app/(dashboard)/dashboard/page.tsx(93,45): error TS7006: Parameter 'like' implicitly has an 'any' type.
src/app/(dashboard)/dashboard/page.tsx(112,39): error TS7006: Parameter 'g' implicitly has an 'any' type.
src/app/(dashboard)/dashboard/page.tsx(116,10): error TS7006: Parameter 'favorite' implicitly has an 'any' type.
src/app/(dashboard)/dashboard/page.tsx(245,27): error TS7006: Parameter 'gallery' implicitly has an 'any' type.
src/app/(dashboard)/dashboard/page.tsx(245,36): error TS7006: Parameter 'index' implicitly has an 'any' type.
src/app/(dashboard)/dashboard/page.tsx(366,49): error TS7006: Parameter 'sum' implicitly has an 'any' type.
src/app/(dashboard)/dashboard/page.tsx(366,54): error TS7006: Parameter 'folder' implicitly has an 'any' type.
src/app/galleries/[id]/manage/page.tsx(225,11): error TS2552: Cannot find name 'setSelectedFolder'. Did you mean 'setSelectedFolderId'?
